
> saukimart@1.0.0 build
> next build

  ▲ Next.js 14.2.35

   Creating an optimized production build ...
 ✓ Compiled successfully
   Skipping validation of types
   Linting ...
   Collecting page data ...
   Generating static pages (0/29) ...
node.exe :  ⚠ metadataBase property in metadata export is not set for 
resolving social open graph or twitter images, using "http://localhost:3000". 
See https://nextjs.org/docs/app/api-reference/functions/generate-metadata#metad
atabase
At line:1 char:1
+ & "C:\Program Files\nodejs/node.exe" "C:\Program Files\nodejs/node_mo ...
+ ~~~~~~~~~~~~~~~~~~~~~~~~~~~~~~~~~~~~~~~~~~~~~~~~~~~~~~~~~~~~~~~~~~~~~
    + CategoryInfo          : NotSpecified: ( ⚠ metadataBase...ta#metadatabase 
   :String) [], RemoteException
    + FullyQualifiedErrorId : NativeCommandError
 
 ⚠ metadataBase property in metadata export is not set for resolving social 
open graph or twitter images, using "http://localhost:3000". See https://nextjs
.org/docs/app/api-reference/functions/generate-metadata#metadatabase
 ⚠ metadataBase property in metadata export is not set for resolving social 
open graph or twitter images, using "http://localhost:3000". See https://nextjs
.org/docs/app/api-reference/functions/generate-metadata#metadatabase
 ⚠ metadataBase property in metadata export is not set for resolving social 
open graph or twitter images, using "http://localhost:3000". See https://nextjs
.org/docs/app/api-reference/functions/generate-metadata#metadatabase
 ⚠ metadataBase property in metadata export is not set for resolving social 
open graph or twitter images, using "http://localhost:3000". See https://nextjs
.org/docs/app/api-reference/functions/generate-metadata#metadatabase
 ⚠ metadataBase property in metadata export is not set for resolving social 
open graph or twitter images, using "http://localhost:3000". See https://nextjs
.org/docs/app/api-reference/functions/generate-metadata#metadatabase
 ⚠ metadataBase property in metadata export is not set for resolving social 
open graph or twitter images, using "http://localhost:3000". See https://nextjs
.org/docs/app/api-reference/functions/generate-metadata#metadatabase
 ⚠ metadataBase property in metadata export is not set for resolving social 
open graph or twitter images, using "http://localhost:3000". See https://nextjs
.org/docs/app/api-reference/functions/generate-metadata#metadatabase
 ⚠ metadataBase property in metadata export is not set for resolving social 
open graph or twitter images, using "http://localhost:3000". See https://nextjs
.org/docs/app/api-reference/functions/generate-metadata#metadatabase
 ⚠ metadataBase property in metadata export is not set for resolving social 
open graph or twitter images, using "http://localhost:3000". See https://nextjs
.org/docs/app/api-reference/functions/generate-metadata#metadatabase
 ⚠ metadataBase property in metadata export is not set for resolving social 
open graph or twitter images, using "http://localhost:3000". See https://nextjs
.org/docs/app/api-reference/functions/generate-metadata#metadatabase
 ⚠ metadataBase property in metadata export is not set for resolving social 
open graph or twitter images, using "http://localhost:3000". See https://nextjs
.org/docs/app/api-reference/functions/generate-metadata#metadatabase
 ⚠ metadataBase property in metadata export is not set for resolving social 
open graph or twitter images, using "http://localhost:3000". See https://nextjs
.org/docs/app/api-reference/functions/generate-metadata#metadatabase
 ⚠ metadataBase property in metadata export is not set for resolving social 
open graph or twitter images, using "http://localhost:3000". See https://nextjs
.org/docs/app/api-reference/functions/generate-metadata#metadatabase
 ⚠ metadataBase property in metadata export is not set for resolving social 
open graph or twitter images, using "http://localhost:3000". See https://nextjs
.org/docs/app/api-reference/functions/generate-metadata#metadatabase
   Generating static pages (7/29) 
   Generating static pages (14/29) 
   Generating static pages (21/29) 
 ✓ Generating static pages (29/29)
   Finalizing page optimization ...
   Collecting build traces ...

Route (app)                              Size     First Load JS
┌ ○ /                                    6.27 kB         108 kB
├ ○ /_not-found                          873 B          88.2 kB
├ ○ /admin                               1.72 kB          89 kB
├ ○ /admin/categories                    3.81 kB         112 kB
├ ○ /admin/custom-apis                   391 B          87.7 kB
├ ○ /admin/data-plans                    380 B          87.7 kB
├ ○ /admin/electricity                   388 B          87.7 kB
├ ○ /admin/failed                        385 B          87.7 kB
├ ○ /admin/notifications                 385 B          87.7 kB
├ ○ /admin/orders                        380 B          87.7 kB
├ ○ /admin/products                      389 B          87.7 kB
├ ○ /admin/settings                      385 B          87.7 kB
├ ○ /admin/users                         379 B          87.7 kB
├ ƒ /api/admin/stats                     0 B                0 B
├ ƒ /api/auth/login                      0 B                0 B
├ ƒ /api/auth/logout                     0 B                0 B
├ ƒ /api/auth/refresh                    0 B                0 B
├ ƒ /api/auth/register                   0 B                0 B
├ ƒ /api/cart/add                        0 B                0 B
├ ƒ /api/categories                      0 B                0 B
├ ƒ /api/categories/[id]                 0 B                0 B
├ ƒ /api/contact                         0 B                0 B
├ ƒ /api/data-plans                      0 B                0 B
├ ƒ /api/data-plans/[id]                 0 B                0 B
├ ƒ /api/data/history                    0 B                0 B
├ ƒ /api/data/plans                      0 B                0 B
├ ƒ /api/data/purchase                   0 B                0 B
├ ƒ /api/data/seed                       0 B                0 B
├ ƒ /api/electricity/discos              0 B                0 B
├ ƒ /api/electricity/pay                 0 B                0 B
├ ƒ /api/electricity/validate            0 B                0 B
├ ƒ /api/notifications                   0 B                0 B
├ ƒ /api/notifications/read              0 B                0 B
├ ƒ /api/orders                          0 B                0 B
├ ƒ /api/orders/[id]                     0 B                0 B
├ ƒ /api/products                        0 B                0 B
├ ƒ /api/products/[id]                   0 B                0 B
├ ƒ /api/products/upload                 0 B                0 B
├ ƒ /api/users                           0 B                0 B
├ ƒ /api/users/[id]                      0 B                0 B
├ ƒ /api/wallet/balance                  0 B                0 B
├ ƒ /api/wallet/transactions             0 B                0 B
├ ƒ /api/wallet/webhook                  0 B                0 B
├ ƒ /app-entry                           142 B          87.5 kB
├ ○ /auth/login                          2.29 kB         104 kB
├ ○ /auth/register                       142 B          87.5 kB
├ ○ /contact                             1.97 kB        94.5 kB
├ ƒ /dashboard                           1.73 kB         110 kB
├ ƒ /data                                2.3 kB          111 kB
├ ƒ /electricity                         2.51 kB         111 kB
├ ○ /privacy                             178 B          92.7 kB
├ ƒ /profile                             2.35 kB         111 kB
├ ƒ /store                               1.88 kB         110 kB
├ ○ /terms                               178 B          92.7 kB
└ ƒ /wallet                              7.36 kB         116 kB
+ First Load JS shared by all            87.3 kB
  ├ chunks/117-42773a905b3b1587.js       31.7 kB
  ├ chunks/fd9d1056-8c2ea0baeeaa2ee1.js  53.6 kB
  └ other shared chunks (total)          1.95 kB


ƒ Middleware                             25.6 kB

○  (Static)   prerendered as static content
ƒ  (Dynamic)  server-rendered on demand

